// Jest Snapshot v1, https://goo.gl/fbAQLP

exports[`<Projectspage /> snapshot 1`] = `
Array [
  <h1>
    Projects
  </h1>,
  <div
    className="row"
  />,
]
`;
